src/dataService.ts(199,5): error TS1117: An object literal cannot have multiple properties with the same name.
